Starting Dynare (version 6.4).
Calling Dynare with arguments: none
Starting preprocessing of the model file ... 
Found 43 equation(s). 
Evaluating expressions... 
Computing static model derivatives (order 1). 
Normalizing the static model... 
Finding the optimal block decomposition of the static model... 
13 block(s) found: 
  12 recursive block(s) and 1 simultaneous block(s). 
  the largest simultaneous block has 30 equation(s) 
                                 and 30 feedback variable(s). 
Computing dynamic model derivatives (order 2). 
Normalizing the dynamic model... 
Finding the optimal block decomposition of the dynamic model... 
8 block(s) found: 
  7 recursive block(s) and 1 simultaneous block(s). 
  the largest simultaneous block has 30 equation(s) 
                                 and 25 feedback variable(s). 
Preprocessing completed. 
Preprocessing time: 0h00m00s.

STEADY-STATE RESULTS:

y1      		 0
y2      		 0
a1      		 0
a2      		 0
b1      		 0
b2      		 0
g1      		 0
g2      		 0
z1      		 0
z2      		 0
k1      		 0
k2      		 0
n1      		 0
n2      		 0
f1      		 0
f2      		 0
c1      		 0
c2      		 0
x1      		 0
x2      		 0
q1a     		 0
q1b     		 0
q2a     		 0
q2b     		 0
bet1    		 0
bet2    		 0
lambda1 		 0
lambda2 		 0
t1      		 0
t2      		 0
w1      		 0
w2      		 0
r1      		 0
r2      		 0
Q       		 0
B1      		 0
B2      		 0
T1      		 0
T2      		 0
rx      		 0
p       		 0
nx      		 0
x       		 0

EIGENVALUES:
         Modulus             Real        Imaginary
          0.3277          -0.3277                0
             0.9              0.9                0
             0.9              0.9                0
             0.9              0.9                0
             0.9              0.9                0
             0.9              0.9                0
             0.9              0.9                0
          0.9661           0.9661                0
          0.9678           0.9678                0
            1.01             1.01                0
           1.043            1.043                0
           1.062            1.062                0
        2.12e+20         2.12e+20                0
             Inf             -Inf                0
             Inf              Inf                0
             Inf              Inf                0
             Inf             -Inf                0
             Inf             -Inf                0

There are 9 eigenvalue(s) larger than 1 in modulus for 9 forward-looking variable(s)
The rank condition is verified.


MODEL SUMMARY

  Number of variables:         43
  Number of stochastic shocks: 6
  Number of state variables:   9
  Number of jumpers:           9
  Number of static variables:  27


MATRIX OF COVARIANCE OF EXOGENOUS SHOCKS
Variables         ez1       ez2       eg1       eg2       et1       et2
ez1          0.000000  0.000000  0.000000  0.000000  0.000000  0.000000
ez2          0.000000  0.000000  0.000000  0.000000  0.000000  0.000000
eg1          0.000000  0.000000  1.000000  0.000000  0.000000  0.000000
eg2          0.000000  0.000000  0.000000  0.000000  0.000000  0.000000
et1          0.000000  0.000000  0.000000  0.000000  0.000000  0.000000
et2          0.000000  0.000000  0.000000  0.000000  0.000000  0.000000

POLICY AND TRANSITION FUNCTIONS
                                  g1              k1               p               x             q1a              nx
g1(-1)                      0.900000       -0.377964       27.098245      -29.810614       -3.387281       -0.190439
g2(-1)                             0        0.367302      -27.098245       29.810614        3.387281        0.190439
z1(-1)                             0        3.284993     -235.346865      258.998080       29.418358        1.656264
z2(-1)                             0       -3.189959      235.346865     -258.998080      -29.418358       -1.656264
k1(-1)                             0        1.878136      -67.444798       72.606284        8.430600        0.498419
k2(-1)                             0       -0.912021       67.444798      -72.606284       -8.430600       -0.498419
B1(-1)                             0       -1.287434       95.258878     -102.994730      -11.907360       -0.747035
ez1                                0        3.649992     -261.496517      287.775644       32.687065        1.840293
ez2                                0       -3.544399      261.496517     -287.775644      -32.687065       -1.840293
eg1                         1.000000       -0.419960       30.109161      -33.122904       -3.763645       -0.211599
eg2                                0        0.408113      -30.109161       33.122904        3.763645        0.211599


THEORETICAL MOMENTS
VARIABLE         MEAN  STD. DEV.   VARIANCE
g1             0.0000     2.2942     5.2632
k1             0.0000     1.6377     2.6822
p              0.0000    31.8622  1015.2014
x              0.0000    34.9411  1220.8833
q1a            0.0000     3.9828    15.8625
nx             0.0000     0.2739     0.0750



VARIANCE DECOMPOSITION (in percent)
          ez1     ez2     eg1     eg2     et1     et2
g1       0.00    0.00  100.00    0.00    0.00    0.00
k1       0.00    0.00  100.00    0.00    0.00    0.00
p        0.00    0.00  100.00    0.00    0.00    0.00
x        0.00    0.00  100.00    0.00    0.00    0.00
q1a      0.00    0.00  100.00    0.00    0.00    0.00
nx       0.00    0.00  100.00    0.00    0.00    0.00



MATRIX OF CORRELATIONS
Variables         g1       k1        p        x      q1a       nx
g1            1.0000  -0.7897   0.3200  -0.3335  -0.3200   0.1518
k1           -0.7897   1.0000  -0.2066   0.2079   0.2066  -0.2846
p             0.3200  -0.2066   1.0000  -0.9998  -1.0000  -0.8700
x            -0.3335   0.2079  -0.9998   1.0000   0.9998   0.8663
q1a          -0.3200   0.2066  -1.0000   0.9998   1.0000   0.8700
nx            0.1518  -0.2846  -0.8700   0.8663   0.8700   1.0000



COEFFICIENTS OF AUTOCORRELATION
Order           1        2        3        4        5
g1         0.9000   0.8100   0.7290   0.6561   0.5905
k1         0.9631   0.9493   0.9273   0.9073   0.8863
p         -0.3271   0.1077  -0.0348   0.0119  -0.0034
x         -0.3173   0.1129  -0.0294   0.0160   0.0001
q1a       -0.3271   0.1077  -0.0348   0.0119  -0.0034
nx        -0.1467   0.2213   0.0935   0.1285   0.1105
Total computing time : 0h00m02s
